
> mcp-memory-server@2.3.0 test
> node --experimental-vm-modules node_modules/jest/bin/jest.js

node.exe : (node:14852) ExperimentalWarning: VM Modules is an experimental feature and might change at any time
At line:1 char:1
+ & "C:\Program Files\nodejs/node.exe" "C:\Users\prust\AppData\Roaming\ ...
+ ~~~~~~~~~~~~~~~~~~~~~~~~~~~~~~~~~~~~~~~~~~~~~~~~~~~~~~~~~~~~~~~~~~~~~
    + CategoryInfo              : NotSpecifi    ed: ((node:14852)     Ex...nge at any ti    me:String) [], Rem    oteException
    + FullyQualifiedEr    rorId : NativeComm    andError
 
(Use `node --trace-warnings ...` to show where the warning was created)
PASS tests/embeddings.test.ts
(node:15528) ExperimentalWarning: VM Modules is an experimental feature and might change at any time
(Use `node --trace-warnings ...` to show where the warning was created)
PASS tests/store-edge.test.ts
  ΓùÅ Console

    console.error
      2026-02-24T07:31:26.544Z [MCP Memory] [INFO] Memory store initialized for user: test-user

    [0m [90m 30 |[39m     }[33m,[39m
     [90m 31 |[39m     info(message[33m:[39m string[33m,[39m meta[33m?[39m[33m:[39m unknown)[33m:[39m [36mvoid[39m {
    [31m[1m>[22m[39m[90m 32 |[39m         [36mif[39m (shouldLog([32m"info"[39m)) console[33m.[39merror(formatMessage([32m"info"[39m[33m,[39m 
message[33m,[39m meta))[33m;[39m
     [90m    |[39m                                        [31m[1m^[22m[39m
     [90m 33 |[39m     }[33m,[39m
     [90m 34 |[39m     warn(message[33m:[39m string[33m,[39m meta[33m?[39m[33m:[39m unknown)[33m:[39m [36mvoid[39m {
     [90m 35 |[39m         [36mif[39m (shouldLog([32m"warn"[39m)) console[33m.[39merror(formatMessage([32m"warn"[39m[33m,[39m message[33m,[39m 
meta))[33m;[39m[0m

      at Object.info (src/logger.ts:32:40)
      at new FirestoreMemoryStore (src/store.ts:142:16)
      at Object.<anonymous> (tests/store-edge.test.ts:110:17)

    console.error
      2026-02-24T07:31:26.557Z [MCP Memory] [INFO] Memory store initialized for user: test-user

    [0m [90m 30 |[39m     }[33m,[39m
     [90m 31 |[39m     info(message[33m:[39m string[33m,[39m meta[33m?[39m[33m:[39m unknown)[33m:[39m [36mvoid[39m {
    [31m[1m>[22m[39m[90m 32 |[39m         [36mif[39m (shouldLog([32m"info"[39m)) console[33m.[39merror(formatMessage([32m"info"[39m[33m,[39m 
message[33m,[39m meta))[33m;[39m
     [90m    |[39m                                        [31m[1m^[22m[39m
     [90m 33 |[39m     }[33m,[39m
     [90m 34 |[39m     warn(message[33m:[39m string[33m,[39m meta[33m?[39m[33m:[39m unknown)[33m:[39m [36mvoid[39m {
     [90m 35 |[39m         [36mif[39m (shouldLog([32m"warn"[39m)) console[33m.[39merror(formatMessage([32m"warn"[39m[33m,[39m message[33m,[39m 
meta))[33m;[39m[0m

      at Object.info (src/logger.ts:32:40)
      at new FirestoreMemoryStore (src/store.ts:142:16)
      at Object.<anonymous> (tests/store-edge.test.ts:110:17)

    console.error
      2026-02-24T07:31:26.558Z [MCP Memory] [INFO] Memory store initialized for user: test-user

    [0m [90m 30 |[39m     }[33m,[39m
     [90m 31 |[39m     info(message[33m:[39m string[33m,[39m meta[33m?[39m[33m:[39m unknown)[33m:[39m [36mvoid[39m {
    [31m[1m>[22m[39m[90m 32 |[39m         [36mif[39m (shouldLog([32m"info"[39m)) console[33m.[39merror(formatMessage([32m"info"[39m[33m,[39m 
message[33m,[39m meta))[33m;[39m
     [90m    |[39m                                        [31m[1m^[22m[39m
     [90m 33 |[39m     }[33m,[39m
     [90m 34 |[39m     warn(message[33m:[39m string[33m,[39m meta[33m?[39m[33m:[39m unknown)[33m:[39m [36mvoid[39m {
     [90m 35 |[39m         [36mif[39m (shouldLog([32m"warn"[39m)) console[33m.[39merror(formatMessage([32m"warn"[39m[33m,[39m message[33m,[39m 
meta))[33m;[39m[0m

      at Object.info (src/logger.ts:32:40)
      at new FirestoreMemoryStore (src/store.ts:142:16)
      at Object.<anonymous> (tests/store-edge.test.ts:110:17)

    console.error
      2026-02-24T07:31:26.558Z [MCP Memory] [INFO] Memory store initialized for user: test-user

    [0m [90m 30 |[39m     }[33m,[39m
     [90m 31 |[39m     info(message[33m:[39m string[33m,[39m meta[33m?[39m[33m:[39m unknown)[33m:[39m [36mvoid[39m {
    [31m[1m>[22m[39m[90m 32 |[39m         [36mif[39m (shouldLog([32m"info"[39m)) console[33m.[39merror(formatMessage([32m"info"[39m[33m,[39m 
message[33m,[39m meta))[33m;[39m
     [90m    |[39m                                        [31m[1m^[22m[39m
     [90m 33 |[39m     }[33m,[39m
     [90m 34 |[39m     warn(message[33m:[39m string[33m,[39m meta[33m?[39m[33m:[39m unknown)[33m:[39m [36mvoid[39m {
     [90m 35 |[39m         [36mif[39m (shouldLog([32m"warn"[39m)) console[33m.[39merror(formatMessage([32m"warn"[39m[33m,[39m message[33m,[39m 
meta))[33m;[39m[0m

      at Object.info (src/logger.ts:32:40)
      at new FirestoreMemoryStore (src/store.ts:142:16)
      at Object.<anonymous> (tests/store-edge.test.ts:110:17)

    console.error
      2026-02-24T07:31:26.559Z [MCP Memory] [INFO] Bulk added 20 memories

    [0m [90m 30 |[39m     }[33m,[39m
     [90m 31 |[39m     info(message[33m:[39m string[33m,[39m meta[33m?[39m[33m:[39m unknown)[33m:[39m [36mvoid[39m {
    [31m[1m>[22m[39m[90m 32 |[39m         [36mif[39m (shouldLog([32m"info"[39m)) console[33m.[39merror(formatMessage([32m"info"[39m[33m,[39m 
message[33m,[39m meta))[33m;[39m
     [90m    |[39m                                        [31m[1m^[22m[39m
     [90m 33 |[39m     }[33m,[39m
     [90m 34 |[39m     warn(message[33m:[39m string[33m,[39m meta[33m?[39m[33m:[39m unknown)[33m:[39m [36mvoid[39m {
     [90m 35 |[39m         [36mif[39m (shouldLog([32m"warn"[39m)) console[33m.[39merror(formatMessage([32m"warn"[39m[33m,[39m message[33m,[39m 
meta))[33m;[39m[0m

      at Object.info (src/logger.ts:32:40)
      at FirestoreMemoryStore.addBulk (src/store.ts:433:16)
      at Object.<anonymous> (tests/store-edge.test.ts:179:28)

    console.error
      2026-02-24T07:31:26.559Z [MCP Memory] [INFO] Memory store initialized for user: test-user

    [0m [90m 30 |[39m     }[33m,[39m
     [90m 31 |[39m     info(message[33m:[39m string[33m,[39m meta[33m?[39m[33m:[39m unknown)[33m:[39m [36mvoid[39m {
    [31m[1m>[22m[39m[90m 32 |[39m         [36mif[39m (shouldLog([32m"info"[39m)) console[33m.[39merror(formatMessage([32m"info"[39m[33m,[39m 
message[33m,[39m meta))[33m;[39m
     [90m    |[39m                                        [31m[1m^[22m[39m
     [90m 33 |[39m     }[33m,[39m
     [90m 34 |[39m     warn(message[33m:[39m string[33m,[39m meta[33m?[39m[33m:[39m unknown)[33m:[39m [36mvoid[39m {
     [90m 35 |[39m         [36mif[39m (shouldLog([32m"warn"[39m)) console[33m.[39merror(formatMessage([32m"warn"[39m[33m,[39m message[33m,[39m 
meta))[33m;[39m[0m

      at Object.info (src/logger.ts:32:40)
      at new FirestoreMemoryStore (src/store.ts:142:16)
      at Object.<anonymous> (tests/store-edge.test.ts:110:17)

    console.error
      2026-02-24T07:31:26.560Z [MCP Memory] [INFO] Bulk added 0 memories

    [0m [90m 30 |[39m     }[33m,[39m
     [90m 31 |[39m     info(message[33m:[39m string[33m,[39m meta[33m?[39m[33m:[39m unknown)[33m:[39m [36mvoid[39m {
    [31m[1m>[22m[39m[90m 32 |[39m         [36mif[39m (shouldLog([32m"info"[39m)) console[33m.[39merror(formatMessage([32m"info"[39m[33m,[39m 
message[33m,[39m meta))[33m;[39m
     [90m    |[39m                                        [31m[1m^[22m[39m
     [90m 33 |[39m     }[33m,[39m
     [90m 34 |[39m     warn(message[33m:[39m string[33m,[39m meta[33m?[39m[33m:[39m unknown)[33m:[39m [36mvoid[39m {
     [90m 35 |[39m         [36mif[39m (shouldLog([32m"warn"[39m)) console[33m.[39merror(formatMessage([32m"warn"[39m[33m,[39m message[33m,[39m 
meta))[33m;[39m[0m

      at Object.info (src/logger.ts:32:40)
      at FirestoreMemoryStore.addBulk (src/store.ts:433:16)
      at Object.<anonymous> (tests/store-edge.test.ts:187:28)

    console.error
      2026-02-24T07:31:26.560Z [MCP Memory] [INFO] Memory store initialized for user: test-user

    [0m [90m 30 |[39m     }[33m,[39m
     [90m 31 |[39m     info(message[33m:[39m string[33m,[39m meta[33m?[39m[33m:[39m unknown)[33m:[39m [36mvoid[39m {
    [31m[1m>[22m[39m[90m 32 |[39m         [36mif[39m (shouldLog([32m"info"[39m)) console[33m.[39merror(formatMessage([32m"info"[39m[33m,[39m 
message[33m,[39m meta))[33m;[39m
     [90m    |[39m                                        [31m[1m^[22m[39m
     [90m 33 |[39m     }[33m,[39m
     [90m 34 |[39m     warn(message[33m:[39m string[33m,[39m meta[33m?[39m[33m:[39m unknown)[33m:[39m [36mvoid[39m {
     [90m 35 |[39m         [36mif[39m (shouldLog([32m"warn"[39m)) console[33m.[39merror(formatMessage([32m"warn"[39m[33m,[39m message[33m,[39m 
meta))[33m;[39m[0m

      at Object.info (src/logger.ts:32:40)
      at new FirestoreMemoryStore (src/store.ts:142:16)
      at Object.<anonymous> (tests/store-edge.test.ts:110:17)

    console.error
      2026-02-24T07:31:26.560Z [MCP Memory] [INFO] Bulk added 1 memories

    [0m [90m 30 |[39m     }[33m,[39m
     [90m 31 |[39m     info(message[33m:[39m string[33m,[39m meta[33m?[39m[33m:[39m unknown)[33m:[39m [36mvoid[39m {
    [31m[1m>[22m[39m[90m 32 |[39m         [36mif[39m (shouldLog([32m"info"[39m)) console[33m.[39merror(formatMessage([32m"info"[39m[33m,[39m 
message[33m,[39m meta))[33m;[39m
     [90m    |[39m                                        [31m[1m^[22m[39m
     [90m 33 |[39m     }[33m,[39m
     [90m 34 |[39m     warn(message[33m:[39m string[33m,[39m meta[33m?[39m[33m:[39m unknown)[33m:[39m [36mvoid[39m {
     [90m 35 |[39m         [36mif[39m (shouldLog([32m"warn"[39m)) console[33m.[39merror(formatMessage([32m"warn"[39m[33m,[39m message[33m,[39m 
meta))[33m;[39m[0m

      at Object.info (src/logger.ts:32:40)
      at FirestoreMemoryStore.addBulk (src/store.ts:433:16)
      at Object.<anonymous> (tests/store-edge.test.ts:197:13)

    console.error
      2026-02-24T07:31:26.561Z [MCP Memory] [INFO] Memory store initialized for user: test-user

    [0m [90m 30 |[39m     }[33m,[39m
     [90m 31 |[39m     info(message[33m:[39m string[33m,[39m meta[33m?[39m[33m:[39m unknown)[33m:[39m [36mvoid[39m {
    [31m[1m>[22m[39m[90m 32 |[39m         [36mif[39m (shouldLog([32m"info"[39m)) console[33m.[39merror(formatMessage([32m"info"[39m[33m,[39m 
message[33m,[39m meta))[33m;[39m
     [90m    |[39m                                        [31m[1m^[22m[39m
     [90m 33 |[39m     }[33m,[39m
     [90m 34 |[39m     warn(message[33m:[39m string[33m,[39m meta[33m?[39m[33m:[39m unknown)[33m:[39m [36mvoid[39m {
     [90m 35 |[39m         [36mif[39m (shouldLog([32m"warn"[39m)) console[33m.[39merror(formatMessage([32m"warn"[39m[33m,[39m message[33m,[39m 
meta))[33m;[39m[0m

      at Object.info (src/logger.ts:32:40)
      at new FirestoreMemoryStore (src/store.ts:142:16)
      at Object.<anonymous> (tests/store-edge.test.ts:110:17)

    console.error
      2026-02-24T07:31:26.561Z [MCP Memory] [INFO] Bulk added 1 memories

    [0m [90m 30 |[39m     }[33m,[39m
     [90m 31 |[39m     info(message[33m:[39m string[33m,[39m meta[33m?[39m[33m:[39m unknown)[33m:[39m [36mvoid[39m {
    [31m[1m>[22m[39m[90m 32 |[39m         [36mif[39m (shouldLog([32m"info"[39m)) console[33m.[39merror(formatMessage([32m"info"[39m[33m,[39m 
message[33m,[39m meta))[33m;[39m
     [90m    |[39m                                        [31m[1m^[22m[39m
     [90m 33 |[39m     }[33m,[39m
     [90m 34 |[39m     warn(message[33m:[39m string[33m,[39m meta[33m?[39m[33m:[39m unknown)[33m:[39m [36mvoid[39m {
     [90m 35 |[39m         [36mif[39m (shouldLog([32m"warn"[39m)) console[33m.[39merror(formatMessage([32m"warn"[39m[33m,[39m message[33m,[39m 
meta))[33m;[39m[0m

      at Object.info (src/logger.ts:32:40)
      at FirestoreMemoryStore.addBulk (src/store.ts:433:16)
      at Object.<anonymous> (tests/store-edge.test.ts:207:13)

    console.error
      2026-02-24T07:31:26.562Z [MCP Memory] [INFO] Memory store initialized for user: test-user

    [0m [90m 30 |[39m     }[33m,[39m
     [90m 31 |[39m     info(message[33m:[39m string[33m,[39m meta[33m?[39m[33m:[39m unknown)[33m:[39m [36mvoid[39m {
    [31m[1m>[22m[39m[90m 32 |[39m         [36mif[39m (shouldLog([32m"info"[39m)) console[33m.[39merror(formatMessage([32m"info"[39m[33m,[39m 
message[33m,[39m meta))[33m;[39m
     [90m    |[39m                                        [31m[1m^[22m[39m
     [90m 33 |[39m     }[33m,[39m
     [90m 34 |[39m     warn(message[33m:[39m string[33m,[39m meta[33m?[39m[33m:[39m unknown)[33m:[39m [36mvoid[39m {
     [90m 35 |[39m         [36mif[39m (shouldLog([32m"warn"[39m)) console[33m.[39merror(formatMessage([32m"warn"[39m[33m,[39m message[33m,[39m 
meta))[33m;[39m[0m

      at Object.info (src/logger.ts:32:40)
      at new FirestoreMemoryStore (src/store.ts:142:16)
      at Object.<anonymous> (tests/store-edge.test.ts:110:17)

    console.error
      2026-02-24T07:31:26.563Z [MCP Memory] [INFO] Bulk deleted 20 memories

    [0m [90m 30 |[39m     }[33m,[39m
     [90m 31 |[39m     info(message[33m:[39m string[33m,[39m meta[33m?[39m[33m:[39m unknown)[33m:[39m [36mvoid[39m {
    [31m[1m>[22m[39m[90m 32 |[39m         [36mif[39m (shouldLog([32m"info"[39m)) console[33m.[39merror(formatMessage([32m"info"[39m[33m,[39m 
message[33m,[39m meta))[33m;[39m
     [90m    |[39m                                        [31m[1m^[22m[39m
     [90m 33 |[39m     }[33m,[39m
     [90m 34 |[39m     warn(message[33m:[39m string[33m,[39m meta[33m?[39m[33m:[39m unknown)[33m:[39m [36mvoid[39m {
     [90m 35 |[39m         [36mif[39m (shouldLog([32m"warn"[39m)) console[33m.[39merror(formatMessage([32m"warn"[39m[33m,[39m message[33m,[39m 
meta))[33m;[39m[0m

      at Object.info (src/logger.ts:32:40)
      at FirestoreMemoryStore.deleteBulk (src/store.ts:462:16)
      at Object.<anonymous> (tests/store-edge.test.ts:227:28)

    console.error
      2026-02-24T07:31:26.563Z [MCP Memory] [INFO] Memory store initialized for user: test-user

    [0m [90m 30 |[39m     }[33m,[39m
     [90m 31 |[39m     info(message[33m:[39m string[33m,[39m meta[33m?[39m[33m:[39m unknown)[33m:[39m [36mvoid[39m {
    [31m[1m>[22m[39m[90m 32 |[39m         [36mif[39m (shouldLog([32m"info"[39m)) console[33m.[39merror(formatMessage([32m"info"[39m[33m,[39m 
message[33m,[39m meta))[33m;[39m
     [90m    |[39m                                        [31m[1m^[22m[39m
     [90m 33 |[39m     }[33m,[39m
     [90m 34 |[39m     warn(message[33m:[39m string[33m,[39m meta[33m?[39m[33m:[39m unknown)[33m:[39m [36mvoid[39m {
     [90m 35 |[39m         [36mif[39m (shouldLog([32m"warn"[39m)) console[33m.[39merror(formatMessage([32m"warn"[39m[33m,[39m message[33m,[39m 
meta))[33m;[39m[0m

      at Object.info (src/logger.ts:32:40)
      at new FirestoreMemoryStore (src/store.ts:142:16)
      at Object.<anonymous> (tests/store-edge.test.ts:110:17)

    console.error
      2026-02-24T07:31:26.563Z [MCP Memory] [INFO] Bulk deleted 0 memories

    [0m [90m 30 |[39m     }[33m,[39m
     [90m 31 |[39m     info(message[33m:[39m string[33m,[39m meta[33m?[39m[33m:[39m unknown)[33m:[39m [36mvoid[39m {
    [31m[1m>[22m[39m[90m 32 |[39m         [36mif[39m (shouldLog([32m"info"[39m)) console[33m.[39merror(formatMessage([32m"info"[39m[33m,[39m 
message[33m,[39m meta))[33m;[39m
     [90m    |[39m                                        [31m[1m^[22m[39m
     [90m 33 |[39m     }[33m,[39m
     [90m 34 |[39m     warn(message[33m:[39m string[33m,[39m meta[33m?[39m[33m:[39m unknown)[33m:[39m [36mvoid[39m {
     [90m 35 |[39m         [36mif[39m (shouldLog([32m"warn"[39m)) console[33m.[39merror(formatMessage([32m"warn"[39m[33m,[39m message[33m,[39m 
meta))[33m;[39m[0m

      at Object.info (src/logger.ts:32:40)
      at FirestoreMemoryStore.deleteBulk (src/store.ts:462:16)
      at Object.<anonymous> (tests/store-edge.test.ts:239:28)

    console.error
      2026-02-24T07:31:26.564Z [MCP Memory] [INFO] Memory store initialized for user: test-user

    [0m [90m 30 |[39m     }[33m,[39m
     [90m 31 |[39m     info(message[33m:[39m string[33m,[39m meta[33m?[39m[33m:[39m unknown)[33m:[39m [36mvoid[39m {
    [31m[1m>[22m[39m[90m 32 |[39m         [36mif[39m (shouldLog([32m"info"[39m)) console[33m.[39merror(formatMessage([32m"info"[39m[33m,[39m 
message[33m,[39m meta))[33m;[39m
     [90m    |[39m                                        [31m[1m^[22m[39m
     [90m 33 |[39m     }[33m,[39m
     [90m 34 |[39m     warn(message[33m:[39m string[33m,[39m meta[33m?[39m[33m:[39m unknown)[33m:[39m [36mvoid[39m {
     [90m 35 |[39m         [36mif[39m (shouldLog([32m"warn"[39m)) console[33m.[39merror(formatMessage([32m"warn"[39m[33m,[39m message[33m,[39m 
meta))[33m;[39m[0m

      at Object.info (src/logger.ts:32:40)
      at new FirestoreMemoryStore (src/store.ts:142:16)
      at Object.<anonymous> (tests/store-edge.test.ts:110:17)

    console.error
      2026-02-24T07:31:26.564Z [MCP Memory] [INFO] Bulk deleted 0 memories

    [0m [90m 30 |[39m     }[33m,[39m
     [90m 31 |[39m     info(message[33m:[39m string[33m,[39m meta[33m?[39m[33m:[39m unknown)[33m:[39m [36mvoid[39m {
    [31m[1m>[22m[39m[90m 32 |[39m         [36mif[39m (shouldLog([32m"info"[39m)) console[33m.[39merror(formatMessage([32m"info"[39m[33m,[39m 
message[33m,[39m meta))[33m;[39m
     [90m    |[39m                                        [31m[1m^[22m[39m
     [90m 33 |[39m     }[33m,[39m
     [90m 34 |[39m     warn(message[33m:[39m string[33m,[39m meta[33m?[39m[33m:[39m unknown)[33m:[39m [36mvoid[39m {
     [90m 35 |[39m         [36mif[39m (shouldLog([32m"warn"[39m)) console[33m.[39merror(formatMessage([32m"warn"[39m[33m,[39m message[33m,[39m 
meta))[33m;[39m[0m

      at Object.info (src/logger.ts:32:40)
      at FirestoreMemoryStore.deleteBulk (src/store.ts:462:16)
      at Object.<anonymous> (tests/store-edge.test.ts:247:40)

    console.error
      2026-02-24T07:31:26.565Z [MCP Memory] [INFO] Memory store initialized for user: test-user

    [0m [90m 30 |[39m     }[33m,[39m
     [90m 31 |[39m     info(message[33m:[39m string[33m,[39m meta[33m?[39m[33m:[39m unknown)[33m:[39m [36mvoid[39m {
    [31m[1m>[22m[39m[90m 32 |[39m         [36mif[39m (shouldLog([32m"info"[39m)) console[33m.[39merror(formatMessage([32m"info"[39m[33m,[39m 
message[33m,[39m meta))[33m;[39m
     [90m    |[39m                                        [31m[1m^[22m[39m
     [90m 33 |[39m     }[33m,[39m
     [90m 34 |[39m     warn(message[33m:[39m string[33m,[39m meta[33m?[39m[33m:[39m unknown)[33m:[39m [36mvoid[39m {
     [90m 35 |[39m         [36mif[39m (shouldLog([32m"warn"[39m)) console[33m.[39merror(formatMessage([32m"warn"[39m[33m,[39m message[33m,[39m 
meta))[33m;[39m[0m

      at Object.info (src/logger.ts:32:40)
      at new FirestoreMemoryStore (src/store.ts:142:16)
      at Object.<anonymous> (tests/store-edge.test.ts:110:17)

    console.error
      2026-02-24T07:31:26.565Z [MCP Memory] [INFO] Bulk deleted 1 memories

    [0m [90m 30 |[39m     }[33m,[39m
     [90m 31 |[39m     info(message[33m:[39m string[33m,[39m meta[33m?[39m[33m:[39m unknown)[33m:[39m [36mvoid[39m {
    [31m[1m>[22m[39m[90m 32 |[39m         [36mif[39m (shouldLog([32m"info"[39m)) console[33m.[39merror(formatMessage([32m"info"[39m[33m,[39m 
message[33m,[39m meta))[33m;[39m
     [90m    |[39m                                        [31m[1m^[22m[39m
     [90m 33 |[39m     }[33m,[39m
     [90m 34 |[39m     warn(message[33m:[39m string[33m,[39m meta[33m?[39m[33m:[39m unknown)[33m:[39m [36mvoid[39m {
     [90m 35 |[39m         [36mif[39m (shouldLog([32m"warn"[39m)) console[33m.[39merror(formatMessage([32m"warn"[39m[33m,[39m message[33m,[39m 
meta))[33m;[39m[0m

      at Object.info (src/logger.ts:32:40)
      at FirestoreMemoryStore.deleteBulk (src/store.ts:462:16)
      at Object.<anonymous> (tests/store-edge.test.ts:265:28)

    console.error
      2026-02-24T07:31:26.565Z [MCP Memory] [INFO] Memory store initialized for user: test-user

    [0m [90m 30 |[39m     }[33m,[39m
     [90m 31 |[39m     info(message[33m:[39m string[33m,[39m meta[33m?[39m[33m:[39m unknown)[33m:[39m [36mvoid[39m {
    [31m[1m>[22m[39m[90m 32 |[39m         [36mif[39m (shouldLog([32m"info"[39m)) console[33m.[39merror(formatMessage([32m"info"[39m[33m,[39m 
message[33m,[39m meta))[33m;[39m
     [90m    |[39m                                        [31m[1m^[22m[39m
     [90m 33 |[39m     }[33m,[39m
     [90m 34 |[39m     warn(message[33m:[39m string[33m,[39m meta[33m?[39m[33m:[39m unknown)[33m:[39m [36mvoid[39m {
     [90m 35 |[39m         [36mif[39m (shouldLog([32m"warn"[39m)) console[33m.[39merror(formatMessage([32m"warn"[39m[33m,[39m message[33m,[39m 
meta))[33m;[39m[0m

      at Object.info (src/logger.ts:32:40)
      at new FirestoreMemoryStore (src/store.ts:142:16)
      at Object.<anonymous> (tests/store-edge.test.ts:110:17)

    console.error
      2026-02-24T07:31:26.576Z [MCP Memory] [INFO] Memory store initialized for user: test-user

    [0m [90m 30 |[39m     }[33m,[39m
     [90m 31 |[39m     info(message[33m:[39m string[33m,[39m meta[33m?[39m[33m:[39m unknown)[33m:[39m [36mvoid[39m {
    [31m[1m>[22m[39m[90m 32 |[39m         [36mif[39m (shouldLog([32m"info"[39m)) console[33m.[39merror(formatMessage([32m"info"[39m[33m,[39m 
message[33m,[39m meta))[33m;[39m
     [90m    |[39m                                        [31m[1m^[22m[39m
     [90m 33 |[39m     }[33m,[39m
     [90m 34 |[39m     warn(message[33m:[39m string[33m,[39m meta[33m?[39m[33m:[39m unknown)[33m:[39m [36mvoid[39m {
     [90m 35 |[39m         [36mif[39m (shouldLog([32m"warn"[39m)) console[33m.[39merror(formatMessage([32m"warn"[39m[33m,[39m message[33m,[39m 
meta))[33m;[39m[0m

      at Object.info (src/logger.ts:32:40)
      at new FirestoreMemoryStore (src/store.ts:142:16)
      at Object.<anonymous> (tests/store-edge.test.ts:110:17)

    console.error
      2026-02-24T07:31:26.577Z [MCP Memory] [INFO] Memory store initialized for user: test-user

    [0m [90m 30 |[39m     }[33m,[39m
     [90m 31 |[39m     info(message[33m:[39m string[33m,[39m meta[33m?[39m[33m:[39m unknown)[33m:[39m [36mvoid[39m {
    [31m[1m>[22m[39m[90m 32 |[39m         [36mif[39m (shouldLog([32m"info"[39m)) console[33m.[39merror(formatMessage([32m"info"[39m[33m,[39m 
message[33m,[39m meta))[33m;[39m
     [90m    |[39m                                        [31m[1m^[22m[39m
     [90m 33 |[39m     }[33m,[39m
     [90m 34 |[39m     warn(message[33m:[39m string[33m,[39m meta[33m?[39m[33m:[39m unknown)[33m:[39m [36mvoid[39m {
     [90m 35 |[39m         [36mif[39m (shouldLog([32m"warn"[39m)) console[33m.[39merror(formatMessage([32m"warn"[39m[33m,[39m message[33m,[39m 
meta))[33m;[39m[0m

      at Object.info (src/logger.ts:32:40)
      at new FirestoreMemoryStore (src/store.ts:142:16)
      at Object.<anonymous> (tests/store-edge.test.ts:110:17)

    console.error
      2026-02-24T07:31:26.578Z [MCP Memory] [INFO] Memory store initialized for user: test-user

    [0m [90m 30 |[39m     }[33m,[39m
     [90m 31 |[39m     info(message[33m:[39m string[33m,[39m meta[33m?[39m[33m:[39m unknown)[33m:[39m [36mvoid[39m {
    [31m[1m>[22m[39m[90m 32 |[39m         [36mif[39m (shouldLog([32m"info"[39m)) console[33m.[39merror(formatMessage([32m"info"[39m[33m,[39m 
message[33m,[39m meta))[33m;[39m
     [90m    |[39m                                        [31m[1m^[22m[39m
     [90m 33 |[39m     }[33m,[39m
     [90m 34 |[39m     warn(message[33m:[39m string[33m,[39m meta[33m?[39m[33m:[39m unknown)[33m:[39m [36mvoid[39m {
     [90m 35 |[39m         [36mif[39m (shouldLog([32m"warn"[39m)) console[33m.[39merror(formatMessage([32m"warn"[39m[33m,[39m message[33m,[39m 
meta))[33m;[39m[0m

      at Object.info (src/logger.ts:32:40)
      at new FirestoreMemoryStore (src/store.ts:142:16)
      at Object.<anonymous> (tests/store-edge.test.ts:110:17)

    console.error
      2026-02-24T07:31:26.579Z [MCP Memory] [INFO] Memory store initialized for user: test-user

    [0m [90m 30 |[39m     }[33m,[39m
     [90m 31 |[39m     info(message[33m:[39m string[33m,[39m meta[33m?[39m[33m:[39m unknown)[33m:[39m [36mvoid[39m {
    [31m[1m>[22m[39m[90m 32 |[39m         [36mif[39m (shouldLog([32m"info"[39m)) console[33m.[39merror(formatMessage([32m"info"[39m[33m,[39m 
message[33m,[39m meta))[33m;[39m
     [90m    |[39m                                        [31m[1m^[22m[39m
     [90m 33 |[39m     }[33m,[39m
     [90m 34 |[39m     warn(message[33m:[39m string[33m,[39m meta[33m?[39m[33m:[39m unknown)[33m:[39m [36mvoid[39m {
     [90m 35 |[39m         [36mif[39m (shouldLog([32m"warn"[39m)) console[33m.[39merror(formatMessage([32m"warn"[39m[33m,[39m message[33m,[39m 
meta))[33m;[39m[0m

      at Object.info (src/logger.ts:32:40)
      at new FirestoreMemoryStore (src/store.ts:142:16)
      at Object.<anonymous> (tests/store-edge.test.ts:110:17)

    console.error
      2026-02-24T07:31:26.580Z [MCP Memory] [INFO] Memory store initialized for user: test-user

    [0m [90m 30 |[39m     }[33m,[39m
     [90m 31 |[39m     info(message[33m:[39m string[33m,[39m meta[33m?[39m[33m:[39m unknown)[33m:[39m [36mvoid[39m {
    [31m[1m>[22m[39m[90m 32 |[39m         [36mif[39m (shouldLog([32m"info"[39m)) console[33m.[39merror(formatMessage([32m"info"[39m[33m,[39m 
message[33m,[39m meta))[33m;[39m
     [90m    |[39m                                        [31m[1m^[22m[39m
     [90m 33 |[39m     }[33m,[39m
     [90m 34 |[39m     warn(message[33m:[39m string[33m,[39m meta[33m?[39m[33m:[39m unknown)[33m:[39m [36mvoid[39m {
     [90m 35 |[39m         [36mif[39m (shouldLog([32m"warn"[39m)) console[33m.[39merror(formatMessage([32m"warn"[39m[33m,[39m message[33m,[39m 
meta))[33m;[39m[0m

      at Object.info (src/logger.ts:32:40)
      at new FirestoreMemoryStore (src/store.ts:142:16)
      at Object.<anonymous> (tests/store-edge.test.ts:110:17)

    console.error
      2026-02-24T07:31:26.581Z [MCP Memory] [INFO] Memory store initialized for user: test-user

    [0m [90m 30 |[39m     }[33m,[39m
     [90m 31 |[39m     info(message[33m:[39m string[33m,[39m meta[33m?[39m[33m:[39m unknown)[33m:[39m [36mvoid[39m {
    [31m[1m>[22m[39m[90m 32 |[39m         [36mif[39m (shouldLog([32m"info"[39m)) console[33m.[39merror(formatMessage([32m"info"[39m[33m,[39m 
message[33m,[39m meta))[33m;[39m
     [90m    |[39m                                        [31m[1m^[22m[39m
     [90m 33 |[39m     }[33m,[39m
     [90m 34 |[39m     warn(message[33m:[39m string[33m,[39m meta[33m?[39m[33m:[39m unknown)[33m:[39m [36mvoid[39m {
     [90m 35 |[39m         [36mif[39m (shouldLog([32m"warn"[39m)) console[33m.[39merror(formatMessage([32m"warn"[39m[33m,[39m message[33m,[39m 
meta))[33m;[39m[0m

      at Object.info (src/logger.ts:32:40)
      at new FirestoreMemoryStore (src/store.ts:142:16)
      at Object.<anonymous> (tests/store-edge.test.ts:110:17)

    console.error
      2026-02-24T07:31:26.581Z [MCP Memory] [INFO] Memory store initialized for user: test-user

    [0m [90m 30 |[39m     }[33m,[39m
     [90m 31 |[39m     info(message[33m:[39m string[33m,[39m meta[33m?[39m[33m:[39m unknown)[33m:[39m [36mvoid[39m {
    [31m[1m>[22m[39m[90m 32 |[39m         [36mif[39m (shouldLog([32m"info"[39m)) console[33m.[39merror(formatMessage([32m"info"[39m[33m,[39m 
message[33m,[39m meta))[33m;[39m
     [90m    |[39m                                        [31m[1m^[22m[39m
     [90m 33 |[39m     }[33m,[39m
     [90m 34 |[39m     warn(message[33m:[39m string[33m,[39m meta[33m?[39m[33m:[39m unknown)[33m:[39m [36mvoid[39m {
     [90m 35 |[39m         [36mif[39m (shouldLog([32m"warn"[39m)) console[33m.[39merror(formatMessage([32m"warn"[39m[33m,[39m message[33m,[39m 
meta))[33m;[39m[0m

      at Object.info (src/logger.ts:32:40)
      at new FirestoreMemoryStore (src/store.ts:142:16)
      at Object.<anonymous> (tests/store-edge.test.ts:110:17)

    console.error
      2026-02-24T07:31:26.582Z [MCP Memory] [INFO] Memory store initialized for user: test-user

    [0m [90m 30 |[39m     }[33m,[39m
     [90m 31 |[39m     info(message[33m:[39m string[33m,[39m meta[33m?[39m[33m:[39m unknown)[33m:[39m [36mvoid[39m {
    [31m[1m>[22m[39m[90m 32 |[39m         [36mif[39m (shouldLog([32m"info"[39m)) console[33m.[39merror(formatMessage([32m"info"[39m[33m,[39m 
message[33m,[39m meta))[33m;[39m
     [90m    |[39m                                        [31m[1m^[22m[39m
     [90m 33 |[39m     }[33m,[39m
     [90m 34 |[39m     warn(message[33m:[39m string[33m,[39m meta[33m?[39m[33m:[39m unknown)[33m:[39m [36mvoid[39m {
     [90m 35 |[39m         [36mif[39m (shouldLog([32m"warn"[39m)) console[33m.[39merror(formatMessage([32m"warn"[39m[33m,[39m message[33m,[39m 
meta))[33m;[39m[0m

      at Object.info (src/logger.ts:32:40)
      at new FirestoreMemoryStore (src/store.ts:142:16)
      at Object.<anonymous> (tests/store-edge.test.ts:110:17)

    console.error
      2026-02-24T07:31:26.583Z [MCP Memory] [INFO] Memory store initialized for user: test-user

    [0m [90m 30 |[39m     }[33m,[39m
     [90m 31 |[39m     info(message[33m:[39m string[33m,[39m meta[33m?[39m[33m:[39m unknown)[33m:[39m [36mvoid[39m {
    [31m[1m>[22m[39m[90m 32 |[39m         [36mif[39m (shouldLog([32m"info"[39m)) console[33m.[39merror(formatMessage([32m"info"[39m[33m,[39m 
message[33m,[39m meta))[33m;[39m
     [90m    |[39m                                        [31m[1m^[22m[39m
     [90m 33 |[39m     }[33m,[39m
     [90m 34 |[39m     warn(message[33m:[39m string[33m,[39m meta[33m?[39m[33m:[39m unknown)[33m:[39m [36mvoid[39m {
     [90m 35 |[39m         [36mif[39m (shouldLog([32m"warn"[39m)) console[33m.[39merror(formatMessage([32m"warn"[39m[33m,[39m message[33m,[39m 
meta))[33m;[39m[0m

      at Object.info (src/logger.ts:32:40)
      at new FirestoreMemoryStore (src/store.ts:142:16)
      at Object.<anonymous> (tests/store-edge.test.ts:110:17)

    console.error
      2026-02-24T07:31:26.585Z [MCP Memory] [INFO] Memory store initialized for user: test-user

    [0m [90m 30 |[39m     }[33m,[39m
     [90m 31 |[39m     info(message[33m:[39m string[33m,[39m meta[33m?[39m[33m:[39m unknown)[33m:[39m [36mvoid[39m {
    [31m[1m>[22m[39m[90m 32 |[39m         [36mif[39m (shouldLog([32m"info"[39m)) console[33m.[39merror(formatMessage([32m"info"[39m[33m,[39m 
message[33m,[39m meta))[33m;[39m
     [90m    |[39m                                        [31m[1m^[22m[39m
     [90m 33 |[39m     }[33m,[39m
     [90m 34 |[39m     warn(message[33m:[39m string[33m,[39m meta[33m?[39m[33m:[39m unknown)[33m:[39m [36mvoid[39m {
     [90m 35 |[39m         [36mif[39m (shouldLog([32m"warn"[39m)) console[33m.[39merror(formatMessage([32m"warn"[39m[33m,[39m message[33m,[39m 
meta))[33m;[39m[0m

      at Object.info (src/logger.ts:32:40)
      at new FirestoreMemoryStore (src/store.ts:142:16)
      at Object.<anonymous> (tests/store-edge.test.ts:110:17)

    console.error
      2026-02-24T07:31:26.586Z [MCP Memory] [INFO] Memory store initialized for user: test-user

    [0m [90m 30 |[39m     }[33m,[39m
     [90m 31 |[39m     info(message[33m:[39m string[33m,[39m meta[33m?[39m[33m:[39m unknown)[33m:[39m [36mvoid[39m {
    [31m[1m>[22m[39m[90m 32 |[39m         [36mif[39m (shouldLog([32m"info"[39m)) console[33m.[39merror(formatMessage([32m"info"[39m[33m,[39m 
message[33m,[39m meta))[33m;[39m
     [90m    |[39m                                        [31m[1m^[22m[39m
     [90m 33 |[39m     }[33m,[39m
     [90m 34 |[39m     warn(message[33m:[39m string[33m,[39m meta[33m?[39m[33m:[39m unknown)[33m:[39m [36mvoid[39m {
     [90m 35 |[39m         [36mif[39m (shouldLog([32m"warn"[39m)) console[33m.[39merror(formatMessage([32m"warn"[39m[33m,[39m message[33m,[39m 
meta))[33m;[39m[0m

      at Object.info (src/logger.ts:32:40)
      at new FirestoreMemoryStore (src/store.ts:142:16)
      at Object.<anonymous> (tests/store-edge.test.ts:110:17)

    console.error
      2026-02-24T07:31:26.586Z [MCP Memory] [INFO] Imported 0 memories (mode: merge)

    [0m [90m 30 |[39m     }[33m,[39m
     [90m 31 |[39m     info(message[33m:[39m string[33m,[39m meta[33m?[39m[33m:[39m unknown)[33m:[39m [36mvoid[39m {
    [31m[1m>[22m[39m[90m 32 |[39m         [36mif[39m (shouldLog([32m"info"[39m)) console[33m.[39merror(formatMessage([32m"info"[39m[33m,[39m 
message[33m,[39m meta))[33m;[39m
     [90m    |[39m                                        [31m[1m^[22m[39m
     [90m 33 |[39m     }[33m,[39m
     [90m 34 |[39m     warn(message[33m:[39m string[33m,[39m meta[33m?[39m[33m:[39m unknown)[33m:[39m [36mvoid[39m {
     [90m 35 |[39m         [36mif[39m (shouldLog([32m"warn"[39m)) console[33m.[39merror(formatMessage([32m"warn"[39m[33m,[39m message[33m,[39m 
meta))[33m;[39m[0m

      at Object.info (src/logger.ts:32:40)
      at FirestoreMemoryStore.importAll (src/store.ts:563:16)
      at Object.<anonymous> (tests/store-edge.test.ts:480:28)

    console.error
      2026-02-24T07:31:26.586Z [MCP Memory] [INFO] Memory store initialized for user: test-user

    [0m [90m 30 |[39m     }[33m,[39m
     [90m 31 |[39m     info(message[33m:[39m string[33m,[39m meta[33m?[39m[33m:[39m unknown)[33m:[39m [36mvoid[39m {
    [31m[1m>[22m[39m[90m 32 |[39m         [36mif[39m (shouldLog([32m"info"[39m)) console[33m.[39merror(formatMessage([32m"info"[39m[33m,[39m 
message[33m,[39m meta))[33m;[39m
     [90m    |[39m                                        [31m[1m^[22m[39m
     [90m 33 |[39m     }[33m,[39m
     [90m 34 |[39m     warn(message[33m:[39m string[33m,[39m meta[33m?[39m[33m:[39m unknown)[33m:[39m [36mvoid[39m {
     [90m 35 |[39m         [36mif[39m (shouldLog([32m"warn"[39m)) console[33m.[39merror(formatMessage([32m"warn"[39m[33m,[39m message[33m,[39m 
meta))[33m;[39m[0m

      at Object.info (src/logger.ts:32:40)
      at new FirestoreMemoryStore (src/store.ts:142:16)
      at Object.<anonymous> (tests/store-edge.test.ts:110:17)

    console.error
      2026-02-24T07:31:26.587Z [MCP Memory] [INFO] Imported 1 memories (mode: merge)

    [0m [90m 30 |[39m     }[33m,[39m
     [90m 31 |[39m     info(message[33m:[39m string[33m,[39m meta[33m?[39m[33m:[39m unknown)[33m:[39m [36mvoid[39m {
    [31m[1m>[22m[39m[90m 32 |[39m         [36mif[39m (shouldLog([32m"info"[39m)) console[33m.[39merror(formatMessage([32m"info"[39m[33m,[39m 
message[33m,[39m meta))[33m;[39m
     [90m    |[39m                                        [31m[1m^[22m[39m
     [90m 33 |[39m     }[33m,[39m
     [90m 34 |[39m     warn(message[33m:[39m string[33m,[39m meta[33m?[39m[33m:[39m unknown)[33m:[39m [36mvoid[39m {
     [90m 35 |[39m         [36mif[39m (shouldLog([32m"warn"[39m)) console[33m.[39merror(formatMessage([32m"warn"[39m[33m,[39m message[33m,[39m 
meta))[33m;[39m[0m

      at Object.info (src/logger.ts:32:40)
      at FirestoreMemoryStore.importAll (src/store.ts:563:16)
      at Object.<anonymous> (tests/store-edge.test.ts:502:28)

    console.error
      2026-02-24T07:31:26.587Z [MCP Memory] [INFO] Memory store initialized for user: test-user

    [0m [90m 30 |[39m     }[33m,[39m
     [90m 31 |[39m     info(message[33m:[39m string[33m,[39m meta[33m?[39m[33m:[39m unknown)[33m:[39m [36mvoid[39m {
    [31m[1m>[22m[39m[90m 32 |[39m         [36mif[39m (shouldLog([32m"info"[39m)) console[33m.[39merror(formatMessage([32m"info"[39m[33m,[39m 
message[33m,[39m meta))[33m;[39m
     [90m    |[39m                                        [31m[1m^[22m[39m
     [90m 33 |[39m     }[33m,[39m
     [90m 34 |[39m     warn(message[33m:[39m string[33m,[39m meta[33m?[39m[33m:[39m unknown)[33m:[39m [36mvoid[39m {
     [90m 35 |[39m         [36mif[39m (shouldLog([32m"warn"[39m)) console[33m.[39merror(formatMessage([32m"warn"[39m[33m,[39m message[33m,[39m 
meta))[33m;[39m[0m

      at Object.info (src/logger.ts:32:40)
      at new FirestoreMemoryStore (src/store.ts:142:16)
      at Object.<anonymous> (tests/store-edge.test.ts:110:17)

    console.error
      2026-02-24T07:31:26.587Z [MCP Memory] [INFO] Cleared 2 existing memories for replace import

    [0m [90m 30 |[39m     }[33m,[39m
     [90m 31 |[39m     info(message[33m:[39m string[33m,[39m meta[33m?[39m[33m:[39m unknown)[33m:[39m [36mvoid[39m {
    [31m[1m>[22m[39m[90m 32 |[39m         [36mif[39m (shouldLog([32m"info"[39m)) console[33m.[39merror(formatMessage([32m"info"[39m[33m,[39m 
message[33m,[39m meta))[33m;[39m
     [90m    |[39m                                        [31m[1m^[22m[39m
     [90m 33 |[39m     }[33m,[39m
     [90m 34 |[39m     warn(message[33m:[39m string[33m,[39m meta[33m?[39m[33m:[39m unknown)[33m:[39m [36mvoid[39m {
     [90m 35 |[39m         [36mif[39m (shouldLog([32m"warn"[39m)) console[33m.[39merror(formatMessage([32m"warn"[39m[33m,[39m message[33m,[39m 
meta))[33m;[39m[0m

      at Object.info (src/logger.ts:32:40)
      at FirestoreMemoryStore.importAll (src/store.ts:503:20)
      at Object.<anonymous> (tests/store-edge.test.ts:526:28)

    console.error
      2026-02-24T07:31:26.587Z [MCP Memory] [INFO] Imported 1 memories (mode: replace)

    [0m [90m 30 |[39m     }[33m,[39m
     [90m 31 |[39m     info(message[33m:[39m string[33m,[39m meta[33m?[39m[33m:[39m unknown)[33m:[39m [36mvoid[39m {
    [31m[1m>[22m[39m[90m 32 |[39m         [36mif[39m (shouldLog([32m"info"[39m)) console[33m.[39merror(formatMessage([32m"info"[39m[33m,[39m 
message[33m,[39m meta))[33m;[39m
     [90m    |[39m                                        [31m[1m^[22m[39m
     [90m 33 |[39m     }[33m,[39m
     [90m 34 |[39m     warn(message[33m:[39m string[33m,[39m meta[33m?[39m[33m:[39m unknown)[33m:[39m [36mvoid[39m {
     [90m 35 |[39m         [36mif[39m (shouldLog([32m"warn"[39m)) console[33m.[39merror(formatMessage([32m"warn"[39m[33m,[39m message[33m,[39m 
meta))[33m;[39m[0m

      at Object.info (src/logger.ts:32:40)
      at FirestoreMemoryStore.importAll (src/store.ts:563:16)
      at Object.<anonymous> (tests/store-edge.test.ts:526:28)

    console.error
      2026-02-24T07:31:26.588Z [MCP Memory] [INFO] Memory store initialized for user: test-user

    [0m [90m 30 |[39m     }[33m,[39m
     [90m 31 |[39m     info(message[33m:[39m string[33m,[39m meta[33m?[39m[33m:[39m unknown)[33m:[39m [36mvoid[39m {
    [31m[1m>[22m[39m[90m 32 |[39m         [36mif[39m (shouldLog([32m"info"[39m)) console[33m.[39merror(formatMessage([32m"info"[39m[33m,[39m 
message[33m,[39m meta))[33m;[39m
     [90m    |[39m                                        [31m[1m^[22m[39m
     [90m 33 |[39m     }[33m,[39m
     [90m 34 |[39m     warn(message[33m:[39m string[33m,[39m meta[33m?[39m[33m:[39m unknown)[33m:[39m [36mvoid[39m {
     [90m 35 |[39m         [36mif[39m (shouldLog([32m"warn"[39m)) console[33m.[39merror(formatMessage([32m"warn"[39m[33m,[39m message[33m,[39m 
meta))[33m;[39m[0m

      at Object.info (src/logger.ts:32:40)
      at new FirestoreMemoryStore (src/store.ts:142:16)
      at Object.<anonymous> (tests/store-edge.test.ts:110:17)

    console.error
      2026-02-24T07:31:26.588Z [MCP Memory] [INFO] Imported 0 memories (mode: merge)

    [0m [90m 30 |[39m     }[33m,[39m
     [90m 31 |[39m     info(message[33m:[39m string[33m,[39m meta[33m?[39m[33m:[39m unknown)[33m:[39m [36mvoid[39m {
    [31m[1m>[22m[39m[90m 32 |[39m         [36mif[39m (shouldLog([32m"info"[39m)) console[33m.[39merror(formatMessage([32m"info"[39m[33m,[39m 
message[33m,[39m meta))[33m;[39m
     [90m    |[39m                                        [31m[1m^[22m[39m
     [90m 33 |[39m     }[33m,[39m
     [90m 34 |[39m     warn(message[33m:[39m string[33m,[39m meta[33m?[39m[33m:[39m unknown)[33m:[39m [36mvoid[39m {
     [90m 35 |[39m         [36mif[39m (shouldLog([32m"warn"[39m)) console[33m.[39merror(formatMessage([32m"warn"[39m[33m,[39m message[33m,[39m 
meta))[33m;[39m[0m

      at Object.info (src/logger.ts:32:40)
      at FirestoreMemoryStore.importAll (src/store.ts:563:16)
      at Object.<anonymous> (tests/store-edge.test.ts:542:40)

    console.error
      2026-02-24T07:31:26.588Z [MCP Memory] [INFO] Memory store initialized for user: test-user

    [0m [90m 30 |[39m     }[33m,[39m
     [90m 31 |[39m     info(message[33m:[39m string[33m,[39m meta[33m?[39m[33m:[39m unknown)[33m:[39m [36mvoid[39m {
    [31m[1m>[22m[39m[90m 32 |[39m         [36mif[39m (shouldLog([32m"info"[39m)) console[33m.[39merror(formatMessage([32m"info"[39m[33m,[39m 
message[33m,[39m meta))[33m;[39m
     [90m    |[39m                                        [31m[1m^[22m[39m
     [90m 33 |[39m     }[33m,[39m
     [90m 34 |[39m     warn(message[33m:[39m string[33m,[39m meta[33m?[39m[33m:[39m unknown)[33m:[39m [36mvoid[39m {
     [90m 35 |[39m         [36mif[39m (shouldLog([32m"warn"[39m)) console[33m.[39merror(formatMessage([32m"warn"[39m[33m,[39m message[33m,[39m 
meta))[33m;[39m[0m

      at Object.info (src/logger.ts:32:40)
      at new FirestoreMemoryStore (src/store.ts:142:16)
      at Object.<anonymous> (tests/store-edge.test.ts:110:17)

    console.error
      2026-02-24T07:31:26.589Z [MCP Memory] [INFO] Memory store initialized for user: test-user

    [0m [90m 30 |[39m     }[33m,[39m
     [90m 31 |[39m     info(message[33m:[39m string[33m,[39m meta[33m?[39m[33m:[39m unknown)[33m:[39m [36mvoid[39m {
    [31m[1m>[22m[39m[90m 32 |[39m         [36mif[39m (shouldLog([32m"info"[39m)) console[33m.[39merror(formatMessage([32m"info"[39m[33m,[39m 
message[33m,[39m meta))[33m;[39m
     [90m    |[39m                                        [31m[1m^[22m[39m
     [90m 33 |[39m     }[33m,[39m
     [90m 34 |[39m     warn(message[33m:[39m string[33m,[39m meta[33m?[39m[33m:[39m unknown)[33m:[39m [36mvoid[39m {
     [90m 35 |[39m         [36mif[39m (shouldLog([32m"warn"[39m)) console[33m.[39merror(formatMessage([32m"warn"[39m[33m,[39m message[33m,[39m 
meta))[33m;[39m[0m

      at Object.info (src/logger.ts:32:40)
      at new FirestoreMemoryStore (src/store.ts:142:16)
      at Object.<anonymous> (tests/store-edge.test.ts:110:17)

    console.error
      2026-02-24T07:31:26.589Z [MCP Memory] [INFO] Cleaned up 3 expired memories

    [0m [90m 30 |[39m     }[33m,[39m
     [90m 31 |[39m     info(message[33m:[39m string[33m,[39m meta[33m?[39m[33m:[39m unknown)[33m:[39m [36mvoid[39m {
    [31m[1m>[22m[39m[90m 32 |[39m         [36mif[39m (shouldLog([32m"info"[39m)) console[33m.[39merror(formatMessage([32m"info"[39m[33m,[39m 
message[33m,[39m meta))[33m;[39m
     [90m    |[39m                                        [31m[1m^[22m[39m
     [90m 33 |[39m     }[33m,[39m
     [90m 34 |[39m     warn(message[33m:[39m string[33m,[39m meta[33m?[39m[33m:[39m unknown)[33m:[39m [36mvoid[39m {
     [90m 35 |[39m         [36mif[39m (shouldLog([32m"warn"[39m)) console[33m.[39merror(formatMessage([32m"warn"[39m[33m,[39m message[33m,[39m 
meta))[33m;[39m[0m

      at Object.info (src/logger.ts:32:40)
      at src/store.ts:682:20
      at withRetry (src/store.ts:38:20)
      at Object.<anonymous> (tests/store-edge.test.ts:571:27)

    console.error
      2026-02-24T07:31:26.589Z [MCP Memory] [INFO] Memory store initialized for user: test-user

    [0m [90m 30 |[39m     }[33m,[39m
     [90m 31 |[39m     info(message[33m:[39m string[33m,[39m meta[33m?[39m[33m:[39m unknown)[33m:[39m [36mvoid[39m {
    [31m[1m>[22m[39m[90m 32 |[39m         [36mif[39m (shouldLog([32m"info"[39m)) console[33m.[39merror(formatMessage([32m"info"[39m[33m,[39m 
message[33m,[39m meta))[33m;[39m
     [90m    |[39m                                        [31m[1m^[22m[39m
     [90m 33 |[39m     }[33m,[39m
     [90m 34 |[39m     warn(message[33m:[39m string[33m,[39m meta[33m?[39m[33m:[39m unknown)[33m:[39m [36mvoid[39m {
     [90m 35 |[39m         [36mif[39m (shouldLog([32m"warn"[39m)) console[33m.[39merror(formatMessage([32m"warn"[39m[33m,[39m message[33m,[39m 
meta))[33m;[39m[0m

      at Object.info (src/logger.ts:32:40)
      at new FirestoreMemoryStore (src/store.ts:142:16)
      at Object.<anonymous> (tests/store-edge.test.ts:110:17)

    console.error
      2026-02-24T07:31:26.590Z [MCP Memory] [INFO] Memory store initialized for user: test-user

    [0m [90m 30 |[39m     }[33m,[39m
     [90m 31 |[39m     info(message[33m:[39m string[33m,[39m meta[33m?[39m[33m:[39m unknown)[33m:[39m [36mvoid[39m {
    [31m[1m>[22m[39m[90m 32 |[39m         [36mif[39m (shouldLog([32m"info"[39m)) console[33m.[39merror(formatMessage([32m"info"[39m[33m,[39m 
message[33m,[39m meta))[33m;[39m
     [90m    |[39m                                        [31m[1m^[22m[39m
     [90m 33 |[39m     }[33m,[39m
     [90m 34 |[39m     warn(message[33m:[39m string[33m,[39m meta[33m?[39m[33m:[39m unknown)[33m:[39m [36mvoid[39m {
     [90m 35 |[39m         [36mif[39m (shouldLog([32m"warn"[39m)) console[33m.[39merror(formatMessage([32m"warn"[39m[33m,[39m message[33m,[39m 
meta))[33m;[39m[0m

      at Object.info (src/logger.ts:32:40)
      at new FirestoreMemoryStore (src/store.ts:142:16)
      at Object.<anonymous> (tests/store-edge.test.ts:110:17)

    console.error
      2026-02-24T07:31:26.591Z [MCP Memory] [INFO] Memory store initialized for user: test-user

    [0m [90m 30 |[39m     }[33m,[39m
     [90m 31 |[39m     info(message[33m:[39m string[33m,[39m meta[33m?[39m[33m:[39m unknown)[33m:[39m [36mvoid[39m {
    [31m[1m>[22m[39m[90m 32 |[39m         [36mif[39m (shouldLog([32m"info"[39m)) console[33m.[39merror(formatMessage([32m"info"[39m[33m,[39m 
message[33m,[39m meta))[33m;[39m
     [90m    |[39m                                        [31m[1m^[22m[39m
     [90m 33 |[39m     }[33m,[39m
     [90m 34 |[39m     warn(message[33m:[39m string[33m,[39m meta[33m?[39m[33m:[39m unknown)[33m:[39m [36mvoid[39m {
     [90m 35 |[39m         [36mif[39m (shouldLog([32m"warn"[39m)) console[33m.[39merror(formatMessage([32m"warn"[39m[33m,[39m message[33m,[39m 
meta))[33m;[39m[0m

      at Object.info (src/logger.ts:32:40)
      at new FirestoreMemoryStore (src/store.ts:142:16)
      at Object.<anonymous> (tests/store-edge.test.ts:110:17)

    console.error
      2026-02-24T07:31:26.591Z [MCP Memory] [INFO] Memory store initialized for user: test-user

    [0m [90m 30 |[39m     }[33m,[39m
     [90m 31 |[39m     info(message[33m:[39m string[33m,[39m meta[33m?[39m[33m:[39m unknown)[33m:[39m [36mvoid[39m {
    [31m[1m>[22m[39m[90m 32 |[39m         [36mif[39m (shouldLog([32m"info"[39m)) console[33m.[39merror(formatMessage([32m"info"[39m[33m,[39m 
message[33m,[39m meta))[33m;[39m
     [90m    |[39m                                        [31m[1m^[22m[39m
     [90m 33 |[39m     }[33m,[39m
     [90m 34 |[39m     warn(message[33m:[39m string[33m,[39m meta[33m?[39m[33m:[39m unknown)[33m:[39m [36mvoid[39m {
     [90m 35 |[39m         [36mif[39m (shouldLog([32m"warn"[39m)) console[33m.[39merror(formatMessage([32m"warn"[39m[33m,[39m message[33m,[39m 
meta))[33m;[39m[0m

      at Object.info (src/logger.ts:32:40)
      at new FirestoreMemoryStore (src/store.ts:142:16)
      at Object.<anonymous> (tests/store-edge.test.ts:110:17)

    console.error
      2026-02-24T07:31:26.592Z [MCP Memory] [INFO] Memory store initialized for user: test-user

    [0m [90m 30 |[39m     }[33m,[39m
     [90m 31 |[39m     info(message[33m:[39m string[33m,[39m meta[33m?[39m[33m:[39m unknown)[33m:[39m [36mvoid[39m {
    [31m[1m>[22m[39m[90m 32 |[39m         [36mif[39m (shouldLog([32m"info"[39m)) console[33m.[39merror(formatMessage([32m"info"[39m[33m,[39m 
message[33m,[39m meta))[33m;[39m
     [90m    |[39m                                        [31m[1m^[22m[39m
     [90m 33 |[39m     }[33m,[39m
     [90m 34 |[39m     warn(message[33m:[39m string[33m,[39m meta[33m?[39m[33m:[39m unknown)[33m:[39m [36mvoid[39m {
     [90m 35 |[39m         [36mif[39m (shouldLog([32m"warn"[39m)) console[33m.[39merror(formatMessage([32m"warn"[39m[33m,[39m message[33m,[39m 
meta))[33m;[39m[0m

      at Object.info (src/logger.ts:32:40)
      at new FirestoreMemoryStore (src/store.ts:142:16)
      at Object.<anonymous> (tests/store-edge.test.ts:110:17)

    console.error
      2026-02-24T07:31:26.592Z [MCP Memory] [INFO] Memory store initialized for user: test-user

    [0m [90m 30 |[39m     }[33m,[39m
     [90m 31 |[39m     info(message[33m:[39m string[33m,[39m meta[33m?[39m[33m:[39m unknown)[33m:[39m [36mvoid[39m {
    [31m[1m>[22m[39m[90m 32 |[39m         [36mif[39m (shouldLog([32m"info"[39m)) console[33m.[39merror(formatMessage([32m"info"[39m[33m,[39m 
message[33m,[39m meta))[33m;[39m
     [90m    |[39m                                        [31m[1m^[22m[39m
     [90m 33 |[39m     }[33m,[39m
     [90m 34 |[39m     warn(message[33m:[39m string[33m,[39m meta[33m?[39m[33m:[39m unknown)[33m:[39m [36mvoid[39m {
     [90m 35 |[39m         [36mif[39m (shouldLog([32m"warn"[39m)) console[33m.[39merror(formatMessage([32m"warn"[39m[33m,[39m message[33m,[39m 
meta))[33m;[39m[0m

      at Object.info (src/logger.ts:32:40)
      at new FirestoreMemoryStore (src/store.ts:142:16)
      at Object.<anonymous> (tests/store-edge.test.ts:110:17)

    console.error
      2026-02-24T07:31:26.593Z [MCP Memory] [INFO] Memory store initialized for user: test-user

    [0m [90m 30 |[39m     }[33m,[39m
     [90m 31 |[39m     info(message[33m:[39m string[33m,[39m meta[33m?[39m[33m:[39m unknown)[33m:[39m [36mvoid[39m {
    [31m[1m>[22m[39m[90m 32 |[39m         [36mif[39m (shouldLog([32m"info"[39m)) console[33m.[39merror(formatMessage([32m"info"[39m[33m,[39m 
message[33m,[39m meta))[33m;[39m
     [90m    |[39m                                        [31m[1m^[22m[39m
     [90m 33 |[39m     }[33m,[39m
     [90m 34 |[39m     warn(message[33m:[39m string[33m,[39m meta[33m?[39m[33m:[39m unknown)[33m:[39m [36mvoid[39m {
     [90m 35 |[39m         [36mif[39m (shouldLog([32m"warn"[39m)) console[33m.[39merror(formatMessage([32m"warn"[39m[33m,[39m message[33m,[39m 
meta))[33m;[39m[0m

      at Object.info (src/logger.ts:32:40)
      at new FirestoreMemoryStore (src/store.ts:142:16)
      at Object.<anonymous> (tests/store-edge.test.ts:110:17)

    console.error
      2026-02-24T07:31:26.593Z [MCP Memory] [INFO] Memory store initialized for user: test-user

    [0m [90m 30 |[39m     }[33m,[39m
     [90m 31 |[39m     info(message[33m:[39m string[33m,[39m meta[33m?[39m[33m:[39m unknown)[33m:[39m [36mvoid[39m {
    [31m[1m>[22m[39m[90m 32 |[39m         [36mif[39m (shouldLog([32m"info"[39m)) console[33m.[39merror(formatMessage([32m"info"[39m[33m,[39m 
message[33m,[39m meta))[33m;[39m
     [90m    |[39m                                        [31m[1m^[22m[39m
     [90m 33 |[39m     }[33m,[39m
     [90m 34 |[39m     warn(message[33m:[39m string[33m,[39m meta[33m?[39m[33m:[39m unknown)[33m:[39m [36mvoid[39m {
     [90m 35 |[39m         [36mif[39m (shouldLog([32m"warn"[39m)) console[33m.[39merror(formatMessage([32m"warn"[39m[33m,[39m message[33m,[39m 
meta))[33m;[39m[0m

      at Object.info (src/logger.ts:32:40)
      at new FirestoreMemoryStore (src/store.ts:142:16)
      at Object.<anonymous> (tests/store-edge.test.ts:110:17)

    console.error
      2026-02-24T07:31:26.594Z [MCP Memory] [INFO] Memory store initialized for user: test-user

    [0m [90m 30 |[39m     }[33m,[39m
     [90m 31 |[39m     info(message[33m:[39m string[33m,[39m meta[33m?[39m[33m:[39m unknown)[33m:[39m [36mvoid[39m {
    [31m[1m>[22m[39m[90m 32 |[39m         [36mif[39m (shouldLog([32m"info"[39m)) console[33m.[39merror(formatMessage([32m"info"[39m[33m,[39m 
message[33m,[39m meta))[33m;[39m
     [90m    |[39m                                        [31m[1m^[22m[39m
     [90m 33 |[39m     }[33m,[39m
     [90m 34 |[39m     warn(message[33m:[39m string[33m,[39m meta[33m?[39m[33m:[39m unknown)[33m:[39m [36mvoid[39m {
     [90m 35 |[39m         [36mif[39m (shouldLog([32m"warn"[39m)) console[33m.[39merror(formatMessage([32m"warn"[39m[33m,[39m message[33m,[39m 
meta))[33m;[39m[0m

      at Object.info (src/logger.ts:32:40)
      at new FirestoreMemoryStore (src/store.ts:142:16)
      at Object.<anonymous> (tests/store-edge.test.ts:110:17)

    console.error
      2026-02-24T07:31:26.596Z [MCP Memory] [INFO] Memory store initialized for user: test-user

    [0m [90m 30 |[39m     }[33m,[39m
     [90m 31 |[39m     info(message[33m:[39m string[33m,[39m meta[33m?[39m[33m:[39m unknown)[33m:[39m [36mvoid[39m {
    [31m[1m>[22m[39m[90m 32 |[39m         [36mif[39m (shouldLog([32m"info"[39m)) console[33m.[39merror(formatMessage([32m"info"[39m[33m,[39m 
message[33m,[39m meta))[33m;[39m
     [90m    |[39m                                        [31m[1m^[22m[39m
     [90m 33 |[39m     }[33m,[39m
     [90m 34 |[39m     warn(message[33m:[39m string[33m,[39m meta[33m?[39m[33m:[39m unknown)[33m:[39m [36mvoid[39m {
     [90m 35 |[39m         [36mif[39m (shouldLog([32m"warn"[39m)) console[33m.[39merror(formatMessage([32m"warn"[39m[33m,[39m message[33m,[39m 
meta))[33m;[39m[0m

      at Object.info (src/logger.ts:32:40)
      at new FirestoreMemoryStore (src/store.ts:142:16)
      at Object.<anonymous> (tests/store-edge.test.ts:110:17)

    console.error
      2026-02-24T07:31:26.598Z [MCP Memory] [INFO] Memory store initialized for user: test-user

    [0m [90m 30 |[39m     }[33m,[39m
     [90m 31 |[39m     info(message[33m:[39m string[33m,[39m meta[33m?[39m[33m:[39m unknown)[33m:[39m [36mvoid[39m {
    [31m[1m>[22m[39m[90m 32 |[39m         [36mif[39m (shouldLog([32m"info"[39m)) console[33m.[39merror(formatMessage([32m"info"[39m[33m,[39m 
message[33m,[39m meta))[33m;[39m
     [90m    |[39m                                        [31m[1m^[22m[39m
     [90m 33 |[39m     }[33m,[39m
     [90m 34 |[39m     warn(message[33m:[39m string[33m,[39m meta[33m?[39m[33m:[39m unknown)[33m:[39m [36mvoid[39m {
     [90m 35 |[39m         [36mif[39m (shouldLog([32m"warn"[39m)) console[33m.[39merror(formatMessage([32m"warn"[39m[33m,[39m message[33m,[39m 
meta))[33m;[39m[0m

      at Object.info (src/logger.ts:32:40)
      at new FirestoreMemoryStore (src/store.ts:142:16)
      at Object.<anonymous> (tests/store-edge.test.ts:110:17)

    console.error
      2026-02-24T07:31:26.599Z [MCP Memory] [INFO] Memory store initialized for user: test-user

    [0m [90m 30 |[39m     }[33m,[39m
     [90m 31 |[39m     info(message[33m:[39m string[33m,[39m meta[33m?[39m[33m:[39m unknown)[33m:[39m [36mvoid[39m {
    [31m[1m>[22m[39m[90m 32 |[39m         [36mif[39m (shouldLog([32m"info"[39m)) console[33m.[39merror(formatMessage([32m"info"[39m[33m,[39m 
message[33m,[39m meta))[33m;[39m
     [90m    |[39m                                        [31m[1m^[22m[39m
     [90m 33 |[39m     }[33m,[39m
     [90m 34 |[39m     warn(message[33m:[39m string[33m,[39m meta[33m?[39m[33m:[39m unknown)[33m:[39m [36mvoid[39m {
     [90m 35 |[39m         [36mif[39m (shouldLog([32m"warn"[39m)) console[33m.[39merror(formatMessage([32m"warn"[39m[33m,[39m message[33m,[39m 
meta))[33m;[39m[0m

      at Object.info (src/logger.ts:32:40)
      at new FirestoreMemoryStore (src/store.ts:142:16)
      at Object.<anonymous> (tests/store-edge.test.ts:110:17)

    console.error
      2026-02-24T07:31:26.599Z [MCP Memory] [INFO] Memory store initialized for user: test-user

    [0m [90m 30 |[39m     }[33m,[39m
     [90m 31 |[39m     info(message[33m:[39m string[33m,[39m meta[33m?[39m[33m:[39m unknown)[33m:[39m [36mvoid[39m {
    [31m[1m>[22m[39m[90m 32 |[39m         [36mif[39m (shouldLog([32m"info"[39m)) console[33m.[39merror(formatMessage([32m"info"[39m[33m,[39m 
message[33m,[39m meta))[33m;[39m
     [90m    |[39m                                        [31m[1m^[22m[39m
     [90m 33 |[39m     }[33m,[39m
     [90m 34 |[39m     warn(message[33m:[39m string[33m,[39m meta[33m?[39m[33m:[39m unknown)[33m:[39m [36mvoid[39m {
     [90m 35 |[39m         [36mif[39m (shouldLog([32m"warn"[39m)) console[33m.[39merror(formatMessage([32m"warn"[39m[33m,[39m message[33m,[39m 
meta))[33m;[39m[0m

      at Object.info (src/logger.ts:32:40)
      at new FirestoreMemoryStore (src/store.ts:142:16)
      at Object.<anonymous> (tests/store-edge.test.ts:110:17)

    console.error
      2026-02-24T07:31:26.600Z [MCP Memory] [INFO] Memory store initialized for user: test-user

    [0m [90m 30 |[39m     }[33m,[39m
     [90m 31 |[39m     info(message[33m:[39m string[33m,[39m meta[33m?[39m[33m:[39m unknown)[33m:[39m [36mvoid[39m {
    [31m[1m>[22m[39m[90m 32 |[39m         [36mif[39m (shouldLog([32m"info"[39m)) console[33m.[39merror(formatMessage([32m"info"[39m[33m,[39m 
message[33m,[39m meta))[33m;[39m
     [90m    |[39m                                        [31m[1m^[22m[39m
     [90m 33 |[39m     }[33m,[39m
     [90m 34 |[39m     warn(message[33m:[39m string[33m,[39m meta[33m?[39m[33m:[39m unknown)[33m:[39m [36mvoid[39m {
     [90m 35 |[39m         [36mif[39m (shouldLog([32m"warn"[39m)) console[33m.[39merror(formatMessage([32m"warn"[39m[33m,[39m message[33m,[39m 
meta))[33m;[39m[0m

      at Object.info (src/logger.ts:32:40)
      at new FirestoreMemoryStore (src/store.ts:142:16)
      at Object.<anonymous> (tests/store-edge.test.ts:110:17)

(node:4580) ExperimentalWarning: VM Modules is an experimental feature and might change at any time
(Use `node --trace-warnings ...` to show where the warning was created)
PASS tests/store.test.ts
  ΓùÅ Console

    console.error
      2026-02-24T07:31:26.576Z [MCP Memory] [INFO] Memory store initialized for user: test-user

    [0m [90m 30 |[39m     }[33m,[39m
     [90m 31 |[39m     info(message[33m:[39m string[33m,[39m meta[33m?[39m[33m:[39m unknown)[33m:[39m [36mvoid[39m {
    [31m[1m>[22m[39m[90m 32 |[39m         [36mif[39m (shouldLog([32m"info"[39m)) console[33m.[39merror(formatMessage([32m"info"[39m[33m,[39m 
message[33m,[39m meta))[33m;[39m
     [90m    |[39m                                        [31m[1m^[22m[39m
     [90m 33 |[39m     }[33m,[39m
     [90m 34 |[39m     warn(message[33m:[39m string[33m,[39m meta[33m?[39m[33m:[39m unknown)[33m:[39m [36mvoid[39m {
     [90m 35 |[39m         [36mif[39m (shouldLog([32m"warn"[39m)) console[33m.[39merror(formatMessage([32m"warn"[39m[33m,[39m message[33m,[39m 
meta))[33m;[39m[0m

      at Object.info (src/logger.ts:32:40)
      at new FirestoreMemoryStore (src/store.ts:142:16)
      at Object.<anonymous> (tests/store.test.ts:104:17)

    console.error
      2026-02-24T07:31:26.588Z [MCP Memory] [INFO] Memory store initialized for user: test-user

    [0m [90m 30 |[39m     }[33m,[39m
     [90m 31 |[39m     info(message[33m:[39m string[33m,[39m meta[33m?[39m[33m:[39m unknown)[33m:[39m [36mvoid[39m {
    [31m[1m>[22m[39m[90m 32 |[39m         [36mif[39m (shouldLog([32m"info"[39m)) console[33m.[39merror(formatMessage([32m"info"[39m[33m,[39m 
message[33m,[39m meta))[33m;[39m
     [90m    |[39m                                        [31m[1m^[22m[39m
     [90m 33 |[39m     }[33m,[39m
     [90m 34 |[39m     warn(message[33m:[39m string[33m,[39m meta[33m?[39m[33m:[39m unknown)[33m:[39m [36mvoid[39m {
     [90m 35 |[39m         [36mif[39m (shouldLog([32m"warn"[39m)) console[33m.[39merror(formatMessage([32m"warn"[39m[33m,[39m message[33m,[39m 
meta))[33m;[39m[0m

      at Object.info (src/logger.ts:32:40)
      at new FirestoreMemoryStore (src/store.ts:142:16)
      at Object.<anonymous> (tests/store.test.ts:104:17)

    console.error
      2026-02-24T07:31:26.589Z [MCP Memory] [INFO] Memory store initialized for user: test-user

    [0m [90m 30 |[39m     }[33m,[39m
     [90m 31 |[39m     info(message[33m:[39m string[33m,[39m meta[33m?[39m[33m:[39m unknown)[33m:[39m [36mvoid[39m {
    [31m[1m>[22m[39m[90m 32 |[39m         [36mif[39m (shouldLog([32m"info"[39m)) console[33m.[39merror(formatMessage([32m"info"[39m[33m,[39m 
message[33m,[39m meta))[33m;[39m
     [90m    |[39m                                        [31m[1m^[22m[39m
     [90m 33 |[39m     }[33m,[39m
     [90m 34 |[39m     warn(message[33m:[39m string[33m,[39m meta[33m?[39m[33m:[39m unknown)[33m:[39m [36mvoid[39m {
     [90m 35 |[39m         [36mif[39m (shouldLog([32m"warn"[39m)) console[33m.[39merror(formatMessage([32m"warn"[39m[33m,[39m message[33m,[39m 
meta))[33m;[39m[0m

      at Object.info (src/logger.ts:32:40)
      at new FirestoreMemoryStore (src/store.ts:142:16)
      at Object.<anonymous> (tests/store.test.ts:104:17)

    console.error
      2026-02-24T07:31:26.590Z [MCP Memory] [INFO] Memory store initialized for user: test-user

    [0m [90m 30 |[39m     }[33m,[39m
     [90m 31 |[39m     info(message[33m:[39m string[33m,[39m meta[33m?[39m[33m:[39m unknown)[33m:[39m [36mvoid[39m {
    [31m[1m>[22m[39m[90m 32 |[39m         [36mif[39m (shouldLog([32m"info"[39m)) console[33m.[39merror(formatMessage([32m"info"[39m[33m,[39m 
message[33m,[39m meta))[33m;[39m
     [90m    |[39m                                        [31m[1m^[22m[39m
     [90m 33 |[39m     }[33m,[39m
     [90m 34 |[39m     warn(message[33m:[39m string[33m,[39m meta[33m?[39m[33m:[39m unknown)[33m:[39m [36mvoid[39m {
     [90m 35 |[39m         [36mif[39m (shouldLog([32m"warn"[39m)) console[33m.[39merror(formatMessage([32m"warn"[39m[33m,[39m message[33m,[39m 
meta))[33m;[39m[0m

      at Object.info (src/logger.ts:32:40)
      at new FirestoreMemoryStore (src/store.ts:142:16)
      at Object.<anonymous> (tests/store.test.ts:104:17)

    console.error
      2026-02-24T07:31:26.591Z [MCP Memory] [INFO] Memory store initialized for user: test-user

    [0m [90m 30 |[39m     }[33m,[39m
     [90m 31 |[39m     info(message[33m:[39m string[33m,[39m meta[33m?[39m[33m:[39m unknown)[33m:[39m [36mvoid[39m {
    [31m[1m>[22m[39m[90m 32 |[39m         [36mif[39m (shouldLog([32m"info"[39m)) console[33m.[39merror(formatMessage([32m"info"[39m[33m,[39m 
message[33m,[39m meta))[33m;[39m
     [90m    |[39m                                        [31m[1m^[22m[39m
     [90m 33 |[39m     }[33m,[39m
     [90m 34 |[39m     warn(message[33m:[39m string[33m,[39m meta[33m?[39m[33m:[39m unknown)[33m:[39m [36mvoid[39m {
     [90m 35 |[39m         [36mif[39m (shouldLog([32m"warn"[39m)) console[33m.[39merror(formatMessage([32m"warn"[39m[33m,[39m message[33m,[39m 
meta))[33m;[39m[0m

      at Object.info (src/logger.ts:32:40)
      at new FirestoreMemoryStore (src/store.ts:142:16)
      at Object.<anonymous> (tests/store.test.ts:104:17)

    console.error
      2026-02-24T07:31:26.591Z [MCP Memory] [INFO] Memory store initialized for user: test-user

    [0m [90m 30 |[39m     }[33m,[39m
     [90m 31 |[39m     info(message[33m:[39m string[33m,[39m meta[33m?[39m[33m:[39m unknown)[33m:[39m [36mvoid[39m {
    [31m[1m>[22m[39m[90m 32 |[39m         [36mif[39m (shouldLog([32m"info"[39m)) console[33m.[39merror(formatMessage([32m"info"[39m[33m,[39m 
message[33m,[39m meta))[33m;[39m
     [90m    |[39m                                        [31m[1m^[22m[39m
     [90m 33 |[39m     }[33m,[39m
     [90m 34 |[39m     warn(message[33m:[39m string[33m,[39m meta[33m?[39m[33m:[39m unknown)[33m:[39m [36mvoid[39m {
     [90m 35 |[39m         [36mif[39m (shouldLog([32m"warn"[39m)) console[33m.[39merror(formatMessage([32m"warn"[39m[33m,[39m message[33m,[39m 
meta))[33m;[39m[0m

      at Object.info (src/logger.ts:32:40)
      at new FirestoreMemoryStore (src/store.ts:142:16)
      at Object.<anonymous> (tests/store.test.ts:104:17)

    console.error
      2026-02-24T07:31:26.592Z [MCP Memory] [INFO] Memory store initialized for user: test-user

    [0m [90m 30 |[39m     }[33m,[39m
     [90m 31 |[39m     info(message[33m:[39m string[33m,[39m meta[33m?[39m[33m:[39m unknown)[33m:[39m [36mvoid[39m {
    [31m[1m>[22m[39m[90m 32 |[39m         [36mif[39m (shouldLog([32m"info"[39m)) console[33m.[39merror(formatMessage([32m"info"[39m[33m,[39m 
message[33m,[39m meta))[33m;[39m
     [90m    |[39m                                        [31m[1m^[22m[39m
     [90m 33 |[39m     }[33m,[39m
     [90m 34 |[39m     warn(message[33m:[39m string[33m,[39m meta[33m?[39m[33m:[39m unknown)[33m:[39m [36mvoid[39m {
     [90m 35 |[39m         [36mif[39m (shouldLog([32m"warn"[39m)) console[33m.[39merror(formatMessage([32m"warn"[39m[33m,[39m message[33m,[39m 
meta))[33m;[39m[0m

      at Object.info (src/logger.ts:32:40)
      at new FirestoreMemoryStore (src/store.ts:142:16)
      at Object.<anonymous> (tests/store.test.ts:104:17)

    console.error
      2026-02-24T07:31:26.592Z [MCP Memory] [INFO] Memory store initialized for user: test-user

    [0m [90m 30 |[39m     }[33m,[39m
     [90m 31 |[39m     info(message[33m:[39m string[33m,[39m meta[33m?[39m[33m:[39m unknown)[33m:[39m [36mvoid[39m {
    [31m[1m>[22m[39m[90m 32 |[39m         [36mif[39m (shouldLog([32m"info"[39m)) console[33m.[39merror(formatMessage([32m"info"[39m[33m,[39m 
message[33m,[39m meta))[33m;[39m
     [90m    |[39m                                        [31m[1m^[22m[39m
     [90m 33 |[39m     }[33m,[39m
     [90m 34 |[39m     warn(message[33m:[39m string[33m,[39m meta[33m?[39m[33m:[39m unknown)[33m:[39m [36mvoid[39m {
     [90m 35 |[39m         [36mif[39m (shouldLog([32m"warn"[39m)) console[33m.[39merror(formatMessage([32m"warn"[39m[33m,[39m message[33m,[39m 
meta))[33m;[39m[0m

      at Object.info (src/logger.ts:32:40)
      at new FirestoreMemoryStore (src/store.ts:142:16)
      at Object.<anonymous> (tests/store.test.ts:104:17)

    console.error
      2026-02-24T07:31:26.593Z [MCP Memory] [INFO] Memory store initialized for user: test-user

    [0m [90m 30 |[39m     }[33m,[39m
     [90m 31 |[39m     info(message[33m:[39m string[33m,[39m meta[33m?[39m[33m:[39m unknown)[33m:[39m [36mvoid[39m {
    [31m[1m>[22m[39m[90m 32 |[39m         [36mif[39m (shouldLog([32m"info"[39m)) console[33m.[39merror(formatMessage([32m"info"[39m[33m,[39m 
message[33m,[39m meta))[33m;[39m
     [90m    |[39m                                        [31m[1m^[22m[39m
     [90m 33 |[39m     }[33m,[39m
     [90m 34 |[39m     warn(message[33m:[39m string[33m,[39m meta[33m?[39m[33m:[39m unknown)[33m:[39m [36mvoid[39m {
     [90m 35 |[39m         [36mif[39m (shouldLog([32m"warn"[39m)) console[33m.[39merror(formatMessage([32m"warn"[39m[33m,[39m message[33m,[39m 
meta))[33m;[39m[0m

      at Object.info (src/logger.ts:32:40)
      at new FirestoreMemoryStore (src/store.ts:142:16)
      at Object.<anonymous> (tests/store.test.ts:104:17)

    console.error
      2026-02-24T07:31:26.595Z [MCP Memory] [INFO] Memory store initialized for user: test-user

    [0m [90m 30 |[39m     }[33m,[39m
     [90m 31 |[39m     info(message[33m:[39m string[33m,[39m meta[33m?[39m[33m:[39m unknown)[33m:[39m [36mvoid[39m {
    [31m[1m>[22m[39m[90m 32 |[39m         [36mif[39m (shouldLog([32m"info"[39m)) console[33m.[39merror(formatMessage([32m"info"[39m[33m,[39m 
message[33m,[39m meta))[33m;[39m
     [90m    |[39m                                        [31m[1m^[22m[39m
     [90m 33 |[39m     }[33m,[39m
     [90m 34 |[39m     warn(message[33m:[39m string[33m,[39m meta[33m?[39m[33m:[39m unknown)[33m:[39m [36mvoid[39m {
     [90m 35 |[39m         [36mif[39m (shouldLog([32m"warn"[39m)) console[33m.[39merror(formatMessage([32m"warn"[39m[33m,[39m message[33m,[39m 
meta))[33m;[39m[0m

      at Object.info (src/logger.ts:32:40)
      at new FirestoreMemoryStore (src/store.ts:142:16)
      at Object.<anonymous> (tests/store.test.ts:104:17)

    console.error
      2026-02-24T07:31:26.598Z [MCP Memory] [INFO] Memory store initialized for user: test-user

    [0m [90m 30 |[39m     }[33m,[39m
     [90m 31 |[39m     info(message[33m:[39m string[33m,[39m meta[33m?[39m[33m:[39m unknown)[33m:[39m [36mvoid[39m {
    [31m[1m>[22m[39m[90m 32 |[39m         [36mif[39m (shouldLog([32m"info"[39m)) console[33m.[39merror(formatMessage([32m"info"[39m[33m,[39m 
message[33m,[39m meta))[33m;[39m
     [90m    |[39m                                        [31m[1m^[22m[39m
     [90m 33 |[39m     }[33m,[39m
     [90m 34 |[39m     warn(message[33m:[39m string[33m,[39m meta[33m?[39m[33m:[39m unknown)[33m:[39m [36mvoid[39m {
     [90m 35 |[39m         [36mif[39m (shouldLog([32m"warn"[39m)) console[33m.[39merror(formatMessage([32m"warn"[39m[33m,[39m message[33m,[39m 
meta))[33m;[39m[0m

      at Object.info (src/logger.ts:32:40)
      at new FirestoreMemoryStore (src/store.ts:142:16)
      at Object.<anonymous> (tests/store.test.ts:104:17)

    console.error
      2026-02-24T07:31:26.599Z [MCP Memory] [INFO] Memory store initialized for user: test-user

    [0m [90m 30 |[39m     }[33m,[39m
     [90m 31 |[39m     info(message[33m:[39m string[33m,[39m meta[33m?[39m[33m:[39m unknown)[33m:[39m [36mvoid[39m {
    [31m[1m>[22m[39m[90m 32 |[39m         [36mif[39m (shouldLog([32m"info"[39m)) console[33m.[39merror(formatMessage([32m"info"[39m[33m,[39m 
message[33m,[39m meta))[33m;[39m
     [90m    |[39m                                        [31m[1m^[22m[39m
     [90m 33 |[39m     }[33m,[39m
     [90m 34 |[39m     warn(message[33m:[39m string[33m,[39m meta[33m?[39m[33m:[39m unknown)[33m:[39m [36mvoid[39m {
     [90m 35 |[39m         [36mif[39m (shouldLog([32m"warn"[39m)) console[33m.[39merror(formatMessage([32m"warn"[39m[33m,[39m message[33m,[39m 
meta))[33m;[39m[0m

      at Object.info (src/logger.ts:32:40)
      at new FirestoreMemoryStore (src/store.ts:142:16)
      at Object.<anonymous> (tests/store.test.ts:104:17)

    console.error
      2026-02-24T07:31:26.600Z [MCP Memory] [INFO] Memory store initialized for user: test-user

    [0m [90m 30 |[39m     }[33m,[39m
     [90m 31 |[39m     info(message[33m:[39m string[33m,[39m meta[33m?[39m[33m:[39m unknown)[33m:[39m [36mvoid[39m {
    [31m[1m>[22m[39m[90m 32 |[39m         [36mif[39m (shouldLog([32m"info"[39m)) console[33m.[39merror(formatMessage([32m"info"[39m[33m,[39m 
message[33m,[39m meta))[33m;[39m
     [90m    |[39m                                        [31m[1m^[22m[39m
     [90m 33 |[39m     }[33m,[39m
     [90m 34 |[39m     warn(message[33m:[39m string[33m,[39m meta[33m?[39m[33m:[39m unknown)[33m:[39m [36mvoid[39m {
     [90m 35 |[39m         [36mif[39m (shouldLog([32m"warn"[39m)) console[33m.[39merror(formatMessage([32m"warn"[39m[33m,[39m message[33m,[39m 
meta))[33m;[39m[0m

      at Object.info (src/logger.ts:32:40)
      at new FirestoreMemoryStore (src/store.ts:142:16)
      at Object.<anonymous> (tests/store.test.ts:104:17)

    console.error
      2026-02-24T07:31:26.600Z [MCP Memory] [INFO] Memory store initialized for user: test-user

    [0m [90m 30 |[39m     }[33m,[39m
     [90m 31 |[39m     info(message[33m:[39m string[33m,[39m meta[33m?[39m[33m:[39m unknown)[33m:[39m [36mvoid[39m {
    [31m[1m>[22m[39m[90m 32 |[39m         [36mif[39m (shouldLog([32m"info"[39m)) console[33m.[39merror(formatMessage([32m"info"[39m[33m,[39m 
message[33m,[39m meta))[33m;[39m
     [90m    |[39m                                        [31m[1m^[22m[39m
     [90m 33 |[39m     }[33m,[39m
     [90m 34 |[39m     warn(message[33m:[39m string[33m,[39m meta[33m?[39m[33m:[39m unknown)[33m:[39m [36mvoid[39m {
     [90m 35 |[39m         [36mif[39m (shouldLog([32m"warn"[39m)) console[33m.[39merror(formatMessage([32m"warn"[39m[33m,[39m message[33m,[39m 
meta))[33m;[39m[0m

      at Object.info (src/logger.ts:32:40)
      at new FirestoreMemoryStore (src/store.ts:142:16)
      at Object.<anonymous> (tests/store.test.ts:104:17)

    console.error
      2026-02-24T07:31:26.611Z [MCP Memory] [INFO] Memory store initialized for user: test-user

    [0m [90m 30 |[39m     }[33m,[39m
     [90m 31 |[39m     info(message[33m:[39m string[33m,[39m meta[33m?[39m[33m:[39m unknown)[33m:[39m [36mvoid[39m {
    [31m[1m>[22m[39m[90m 32 |[39m         [36mif[39m (shouldLog([32m"info"[39m)) console[33m.[39merror(formatMessage([32m"info"[39m[33m,[39m 
message[33m,[39m meta))[33m;[39m
     [90m    |[39m                                        [31m[1m^[22m[39m
     [90m 33 |[39m     }[33m,[39m
     [90m 34 |[39m     warn(message[33m:[39m string[33m,[39m meta[33m?[39m[33m:[39m unknown)[33m:[39m [36mvoid[39m {
     [90m 35 |[39m         [36mif[39m (shouldLog([32m"warn"[39m)) console[33m.[39merror(formatMessage([32m"warn"[39m[33m,[39m message[33m,[39m 
meta))[33m;[39m[0m

      at Object.info (src/logger.ts:32:40)
      at new FirestoreMemoryStore (src/store.ts:142:16)
      at Object.<anonymous> (tests/store.test.ts:104:17)

    console.error
      2026-02-24T07:31:26.613Z [MCP Memory] [INFO] Memory store initialized for user: test-user

    [0m [90m 30 |[39m     }[33m,[39m
     [90m 31 |[39m     info(message[33m:[39m string[33m,[39m meta[33m?[39m[33m:[39m unknown)[33m:[39m [36mvoid[39m {
    [31m[1m>[22m[39m[90m 32 |[39m         [36mif[39m (shouldLog([32m"info"[39m)) console[33m.[39merror(formatMessage([32m"info"[39m[33m,[39m 
message[33m,[39m meta))[33m;[39m
     [90m    |[39m                                        [31m[1m^[22m[39m
     [90m 33 |[39m     }[33m,[39m
     [90m 34 |[39m     warn(message[33m:[39m string[33m,[39m meta[33m?[39m[33m:[39m unknown)[33m:[39m [36mvoid[39m {
     [90m 35 |[39m         [36mif[39m (shouldLog([32m"warn"[39m)) console[33m.[39merror(formatMessage([32m"warn"[39m[33m,[39m message[33m,[39m 
meta))[33m;[39m[0m

      at Object.info (src/logger.ts:32:40)
      at new FirestoreMemoryStore (src/store.ts:142:16)
      at Object.<anonymous> (tests/store.test.ts:104:17)

    console.error
      2026-02-24T07:31:26.613Z [MCP Memory] [INFO] Memory store initialized for user: test-user

    [0m [90m 30 |[39m     }[33m,[39m
     [90m 31 |[39m     info(message[33m:[39m string[33m,[39m meta[33m?[39m[33m:[39m unknown)[33m:[39m [36mvoid[39m {
    [31m[1m>[22m[39m[90m 32 |[39m         [36mif[39m (shouldLog([32m"info"[39m)) console[33m.[39merror(formatMessage([32m"info"[39m[33m,[39m 
message[33m,[39m meta))[33m;[39m
     [90m    |[39m                                        [31m[1m^[22m[39m
     [90m 33 |[39m     }[33m,[39m
     [90m 34 |[39m     warn(message[33m:[39m string[33m,[39m meta[33m?[39m[33m:[39m unknown)[33m:[39m [36mvoid[39m {
     [90m 35 |[39m         [36mif[39m (shouldLog([32m"warn"[39m)) console[33m.[39merror(formatMessage([32m"warn"[39m[33m,[39m message[33m,[39m 
meta))[33m;[39m[0m

      at Object.info (src/logger.ts:32:40)
      at new FirestoreMemoryStore (src/store.ts:142:16)
      at Object.<anonymous> (tests/store.test.ts:104:17)

    console.error
      2026-02-24T07:31:26.614Z [MCP Memory] [INFO] Memory store initialized for user: test-user

    [0m [90m 30 |[39m     }[33m,[39m
     [90m 31 |[39m     info(message[33m:[39m string[33m,[39m meta[33m?[39m[33m:[39m unknown)[33m:[39m [36mvoid[39m {
    [31m[1m>[22m[39m[90m 32 |[39m         [36mif[39m (shouldLog([32m"info"[39m)) console[33m.[39merror(formatMessage([32m"info"[39m[33m,[39m 
message[33m,[39m meta))[33m;[39m
     [90m    |[39m                                        [31m[1m^[22m[39m
     [90m 33 |[39m     }[33m,[39m
     [90m 34 |[39m     warn(message[33m:[39m string[33m,[39m meta[33m?[39m[33m:[39m unknown)[33m:[39m [36mvoid[39m {
     [90m 35 |[39m         [36mif[39m (shouldLog([32m"warn"[39m)) console[33m.[39merror(formatMessage([32m"warn"[39m[33m,[39m message[33m,[39m 
meta))[33m;[39m[0m

      at Object.info (src/logger.ts:32:40)
      at new FirestoreMemoryStore (src/store.ts:142:16)
      at Object.<anonymous> (tests/store.test.ts:104:17)

    console.error
      2026-02-24T07:31:26.615Z [MCP Memory] [INFO] Memory store initialized for user: test-user

    [0m [90m 30 |[39m     }[33m,[39m
     [90m 31 |[39m     info(message[33m:[39m string[33m,[39m meta[33m?[39m[33m:[39m unknown)[33m:[39m [36mvoid[39m {
    [31m[1m>[22m[39m[90m 32 |[39m         [36mif[39m (shouldLog([32m"info"[39m)) console[33m.[39merror(formatMessage([32m"info"[39m[33m,[39m 
message[33m,[39m meta))[33m;[39m
     [90m    |[39m                                        [31m[1m^[22m[39m
     [90m 33 |[39m     }[33m,[39m
     [90m 34 |[39m     warn(message[33m:[39m string[33m,[39m meta[33m?[39m[33m:[39m unknown)[33m:[39m [36mvoid[39m {
     [90m 35 |[39m         [36mif[39m (shouldLog([32m"warn"[39m)) console[33m.[39merror(formatMessage([32m"warn"[39m[33m,[39m message[33m,[39m 
meta))[33m;[39m[0m

      at Object.info (src/logger.ts:32:40)
      at new FirestoreMemoryStore (src/store.ts:142:16)
      at Object.<anonymous> (tests/store.test.ts:104:17)


Test Suites: 3 passed, 3 total
Tests:       96 passed, 96 total
Snapshots:   0 total
Time:        2.72 s, estimated 4 s
Ran all test suites.
